  df["log_b_obs_sd"] = np.where(pos, 1.0 / np.log(10) / np.sqrt(df.cells_counted.to_numpy()), np.nan)
[baseline] done in 439 s
  df["log_b_obs_sd"] = np.where(pos, 1.0 / np.log(10) / np.sqrt(df.cells_counted.to_numpy()), np.nan)
[dust] done in 874 s
 variant    dataset  n   bias  rmse  spearman  coverage95  coverage95_obs  coverage95_cal  tau  log_evidence  sigma  r_median_um  r_lnsd
baseline        all 59 -0.182 0.660     0.527       0.898           0.898           0.966 0.45       112.244   0.03        600.0    0.35
baseline    s6_2017 41  0.020 0.560     0.661       0.951           0.927           0.951 0.45       112.244   0.03        600.0    0.35
baseline sgris_2021 18 -0.644 0.844     0.236       0.778           0.833           1.000 0.45       112.244   0.03        600.0    0.35
    dust        all 59 -0.237 0.664     0.682       0.864           0.864           0.966 0.49       187.055   0.03        600.0    0.60
    dust    s6_2017 41 -0.036 0.539     0.786       0.902           0.902           0.976 0.49       187.055   0.03        600.0    0.60
    dust sgris_2021 18 -0.694 0.885     0.360       0.778           0.778           0.944 0.49       187.055   0.03        600.0    0.60
{
 "baseline": {
  "site_calibration": {
   "s6_2017": {
    "n": 41,
    "bias": -6.498866485610672e-17,
    "rmse": 0.5735934652031737,
    "coverage95": 0.9512195121951219,
    "mean_shift_dex": 0.020429474209751095
   },
   "sgris_2021": {
    "n": 18,
    "bias": -0.6646437874472125,
    "rmse": 0.8600573795036075,
    "coverage95": 0.7777777777777778,
    "mean_shift_dex": 0.020429474209751095
   }
  },
  "runtime_s": 439
 },
 "dust": {
  "site_calibration": {
   "s6_2017": {
    "n": 41,
    "bias": -3.249433242805336e-17,
    "rmse": 0.5513577412938385,
    "coverage95": 0.9024390243902439,
    "mean_shift_dex": -0.03585319358898777
   },
   "sgris_2021": {
    "n": 18,
    "bias": -0.6584846949503594,
    "rmse": 0.8572546210245902,
    "coverage95": 0.7777777777777778,
    "mean_shift_dex": -0.03585319358898777
   }
  },
  "runtime_s": 874
 }
}
